
  .   ____          _            __ _ _
 /\\ / ___'_ __ _ _(_)_ __  __ _ \ \ \ \
( ( )\___ | '_ | '_| | '_ \/ _` | \ \ \ \
 \\/  ___)| |_)| | | | | || (_| |  ) ) ) )
  '  |____| .__|_| |_|_| |_\__, | / / / /
 =========|_|==============|___/=/_/_/_/

 :: Spring Boot ::                (v4.0.2)

2026-08-14T13:55:21.271+05:30  INFO 37476 --- [dms-backend] [           main] com.dms.DmsBackendApplication            : Starting DmsBackendApplication using Java 22 with PID 37476 (D:\UOM FIT\semester_03\Software Development Project\Main Project\Universal-DMS\dms-backend\target\classes started by User in D:\UOM FIT\semester_03\Software Development Project\Main Project\Universal-DMS\dms-backend)
2026-08-14T13:55:21.273+05:30  INFO 37476 --- [dms-backend] [           main] com.dms.DmsBackendApplication            : No active profile set, falling back to 1 default profile: "default"
2026-08-14T13:55:21.943+05:30  INFO 37476 --- [dms-backend] [           main] .s.d.r.c.RepositoryConfigurationDelegate : Bootstrapping Spring Data JPA repositories in DEFAULT mode.
2026-08-14T13:55:22.023+05:30  INFO 37476 --- [dms-backend] [           main] .s.d.r.c.RepositoryConfigurationDelegate : Finished Spring Data repository scanning in 72 ms. Found 22 JPA repository interfaces.
2026-08-14T13:55:22.537+05:30  INFO 37476 --- [dms-backend] [           main] o.s.boot.tomcat.TomcatWebServer          : Tomcat initialized with port 8081 (http)
2026-08-14T13:55:22.551+05:30  INFO 37476 --- [dms-backend] [           main] o.apache.catalina.core.StandardService   : Starting service [Tomcat]
2026-08-14T13:55:22.552+05:30  INFO 37476 --- [dms-backend] [           main] o.apache.catalina.core.StandardEngine    : Starting Servlet engine: [Apache Tomcat/11.0.15]
2026-08-14T13:55:22.615+05:30  INFO 37476 --- [dms-backend] [           main] b.w.c.s.WebApplicationContextInitializer : Root WebApplicationContext: initialization completed in 1292 ms
2026-08-14T13:55:22.729+05:30  INFO 37476 --- [dms-backend] [           main] org.hibernate.orm.jpa                    : HHH008540: Processing PersistenceUnitInfo [name: default]
2026-08-14T13:55:22.790+05:30  INFO 37476 --- [dms-backend] [           main] org.hibernate.orm.core                   : HHH000001: Hibernate ORM core version 7.2.1.Final
2026-08-14T13:55:23.208+05:30  INFO 37476 --- [dms-backend] [           main] o.s.o.j.p.SpringPersistenceUnitInfo      : No LoadTimeWeaver setup: ignoring JPA class transformer
2026-08-14T13:55:23.237+05:30  INFO 37476 --- [dms-backend] [           main] com.zaxxer.hikari.HikariDataSource       : DMSHikariPool - Starting...
2026-08-14T13:55:24.444+05:30  INFO 37476 --- [dms-backend] [           main] com.zaxxer.hikari.pool.HikariPool        : DMSHikariPool - Added connection org.postgresql.jdbc.PgConnection@d190639
2026-08-14T13:55:24.445+05:30  INFO 37476 --- [dms-backend] [           main] com.zaxxer.hikari.HikariDataSource       : DMSHikariPool - Start completed.
2026-08-14T13:55:24.948+05:30  INFO 37476 --- [dms-backend] [           main] org.hibernate.orm.connections.pooling    : HHH10001005: Database info:
	Database JDBC URL [jdbc:postgresql://pg-23fe8501-anujawij-8f00.l.aivencloud.com:16850/DMS?sslmode=require]
	Database driver: PostgreSQL JDBC Driver
	Database dialect: PostgreSQLDialect
	Database version: 17.10
	Default catalog/schema: DMS/public
	Autocommit mode: undefined/unknown
	Isolation level: READ_COMMITTED [default READ_COMMITTED]
	JDBC fetch size: none
	Pool: DataSourceConnectionProvider
	Minimum pool size: undefined/unknown
	Maximum pool size: undefined/unknown
2026-08-14T13:55:26.167+05:30  INFO 37476 --- [dms-backend] [           main] org.hibernate.orm.core                   : HHH000489: No JTA platform available (set 'hibernate.transaction.jta.platform' to enable JTA platform integration)
2026-08-14T13:55:27.542+05:30  INFO 37476 --- [dms-backend] [           main] j.LocalContainerEntityManagerFactoryBean : Initialized JPA EntityManagerFactory for persistence unit 'default'
2026-08-14T13:55:27.624+05:30  INFO 37476 --- [dms-backend] [           main] o.s.d.j.r.query.QueryEnhancerFactories   : Hibernate is in classpath; If applicable, HQL parser will be used.
2026-08-14T13:55:30.231+05:30  WARN 37476 --- [dms-backend] [           main] JpaBaseConfiguration$JpaWebConfiguration : spring.jpa.open-in-view is enabled by default. Therefore, database queries may be performed during view rendering. Explicitly configure spring.jpa.open-in-view to disable this warning
2026-08-14T13:55:30.309+05:30  INFO 37476 --- [dms-backend] [           main] r$InitializeUserDetailsManagerConfigurer : Global AuthenticationManager configured with UserDetailsService bean with name customUserDetailsService
2026-08-14T13:55:30.824+05:30  INFO 37476 --- [dms-backend] [           main] o.s.boot.tomcat.TomcatWebServer          : Tomcat started on port 8081 (http) with context path '/'
2026-08-14T13:55:30.828+05:30  INFO 37476 --- [dms-backend] [           main] com.dms.DmsBackendApplication            : Started DmsBackendApplication in 10.017 seconds (process running for 10.485)
2026-08-14T13:55:31.111+05:30  INFO 37476 --- [dms-backend] [nio-8081-exec-1] o.a.c.c.C.[Tomcat].[localhost].[/]       : Initializing Spring DispatcherServlet 'dispatcherServlet'
2026-08-14T13:55:31.111+05:30  INFO 37476 --- [dms-backend] [nio-8081-exec-1] o.s.web.servlet.DispatcherServlet        : Initializing Servlet 'dispatcherServlet'
2026-08-14T13:55:31.112+05:30  INFO 37476 --- [dms-backend] [nio-8081-exec-1] o.s.web.servlet.DispatcherServlet        : Completed initialization in 1 ms
[ERROR] Failed to execute goal org.springframework.boot:spring-boot-maven-plugin:4.0.2:run (default-cli) on project dms-backend: Process terminated with exit code: 1 -> [Help 1]
[ERROR] 
[ERROR] To see the full stack trace of the errors, re-run Maven with the -e switch.
[ERROR] Re-run Maven using the -X switch to enable full debug logging.
[ERROR] 
[ERROR] For more information about the errors and possible solutions, please read the following articles:
[ERROR] [Help 1] http://cwiki.apache.org/confluence/display/MAVEN/MojoExecutionException
