[INFO] Scanning for projects...
[INFO] 
[INFO] ------------------------< com.dms:dms-backend >-------------------------
[INFO] Building dms-backend 0.0.1-SNAPSHOT
[INFO]   from pom.xml
[INFO] --------------------------------[ jar ]---------------------------------
[INFO] 
[INFO] >>> spring-boot:4.0.2:run (default-cli) > test-compile @ dms-backend >>>
[INFO] 
[INFO] --- resources:3.3.1:resources (default-resources) @ dms-backend ---
[INFO] Copying 1 resource from src/main/resources to target/classes
[INFO] Copying 1 resource from src/main/resources to target/classes
[INFO] 
[INFO] --- compiler:3.14.1:compile (default-compile) @ dms-backend ---
[INFO] Recompiling the module because of changed source code.
[INFO] Compiling 22 source files with javac [debug parameters release 21] to target/classes
[INFO] Annotation processing is enabled because one or more processors were found
  on the class path. A future release of javac may disable annotation processing
  unless at least one processor is specified by name (-processor), or a search
  path is specified (--processor-path, --processor-module-path), or annotation
  processing is enabled explicitly (-proc:only, -proc:full).
  Use -Xlint:-options to suppress this message.
  Use -proc:none to disable annotation processing.
[INFO] 
[INFO] --- resources:3.3.1:testResources (default-testResources) @ dms-backend ---
[INFO] skip non existing resourceDirectory /Users/khyrpremarathna/Desktop/DMS Project/dms-backend/src/test/resources
[INFO] 
[INFO] --- compiler:3.14.1:testCompile (default-testCompile) @ dms-backend ---
[INFO] Recompiling the module because of changed dependency.
[INFO] Compiling 1 source file with javac [debug parameters release 21] to target/test-classes
[INFO] Annotation processing is enabled because one or more processors were found
  on the class path. A future release of javac may disable annotation processing
  unless at least one processor is specified by name (-processor), or a search
  path is specified (--processor-path, --processor-module-path), or annotation
  processing is enabled explicitly (-proc:only, -proc:full).
  Use -Xlint:-options to suppress this message.
  Use -proc:none to disable annotation processing.
[INFO] 
[INFO] <<< spring-boot:4.0.2:run (default-cli) < test-compile @ dms-backend <<<
[INFO] 
[INFO] 
[INFO] --- spring-boot:4.0.2:run (default-cli) @ dms-backend ---
[INFO] Attaching agents: []

  .   ____          _            __ _ _
 /\\ / ___'_ __ _ _(_)_ __  __ _ \ \ \ \
( ( )\___ | '_ | '_| | '_ \/ _` | \ \ \ \
 \\/  ___)| |_)| | | | | || (_| |  ) ) ) )
  '  |____| .__|_| |_|_| |_\__, | / / / /
 =========|_|==============|___/=/_/_/_/

 :: Spring Boot ::                (v4.0.2)

2026-03-25T22:14:15.090+05:30  INFO 2040 --- [dms-backend] [           main] com.dms.DmsBackendApplication            : Starting DmsBackendApplication using Java 21.0.10 with PID 2040 (/Users/khyrpremarathna/Desktop/DMS Project/dms-backend/target/classes started by khyrpremarathna in /Users/khyrpremarathna/Desktop/DMS Project/dms-backend)
2026-03-25T22:14:15.092+05:30  INFO 2040 --- [dms-backend] [           main] com.dms.DmsBackendApplication            : No active profile set, falling back to 1 default profile: "default"
2026-03-25T22:14:15.381+05:30  INFO 2040 --- [dms-backend] [           main] .s.d.r.c.RepositoryConfigurationDelegate : Bootstrapping Spring Data JPA repositories in DEFAULT mode.
2026-03-25T22:14:15.405+05:30  INFO 2040 --- [dms-backend] [           main] .s.d.r.c.RepositoryConfigurationDelegate : Finished Spring Data repository scanning in 20 ms. Found 4 JPA repository interfaces.
2026-03-25T22:14:15.629+05:30  INFO 2040 --- [dms-backend] [           main] o.s.boot.tomcat.TomcatWebServer          : Tomcat initialized with port 8081 (http)
2026-03-25T22:14:15.636+05:30  INFO 2040 --- [dms-backend] [           main] o.apache.catalina.core.StandardService   : Starting service [Tomcat]
2026-03-25T22:14:15.636+05:30  INFO 2040 --- [dms-backend] [           main] o.apache.catalina.core.StandardEngine    : Starting Servlet engine: [Apache Tomcat/11.0.15]
2026-03-25T22:14:15.657+05:30  INFO 2040 --- [dms-backend] [           main] b.w.c.s.WebApplicationContextInitializer : Root WebApplicationContext: initialization completed in 541 ms
2026-03-25T22:14:15.733+05:30  INFO 2040 --- [dms-backend] [           main] org.hibernate.orm.jpa                    : HHH008540: Processing PersistenceUnitInfo [name: default]
2026-03-25T22:14:15.762+05:30  INFO 2040 --- [dms-backend] [           main] org.hibernate.orm.core                   : HHH000001: Hibernate ORM core version 7.2.1.Final
2026-03-25T22:14:15.959+05:30  INFO 2040 --- [dms-backend] [           main] o.s.o.j.p.SpringPersistenceUnitInfo      : No LoadTimeWeaver setup: ignoring JPA class transformer
2026-03-25T22:14:15.975+05:30  INFO 2040 --- [dms-backend] [           main] com.zaxxer.hikari.HikariDataSource       : DMSHikariPool - Starting...
2026-03-25T22:14:17.443+05:30  INFO 2040 --- [dms-backend] [           main] com.zaxxer.hikari.pool.HikariPool        : DMSHikariPool - Added connection org.postgresql.jdbc.PgConnection@2a2798a2
2026-03-25T22:14:17.444+05:30  INFO 2040 --- [dms-backend] [           main] com.zaxxer.hikari.HikariDataSource       : DMSHikariPool - Start completed.
2026-03-25T22:14:18.090+05:30  INFO 2040 --- [dms-backend] [           main] org.hibernate.orm.connections.pooling    : HHH10001005: Database info:
	Database JDBC URL [jdbc:postgresql://pg-23fe8501-anujawij-8f00.l.aivencloud.com:16850/DMS?sslmode=require]
	Database driver: PostgreSQL JDBC Driver
	Database dialect: PostgreSQLDialect
	Database version: 17.9
	Default catalog/schema: DMS/public
	Autocommit mode: undefined/unknown
	Isolation level: READ_COMMITTED [default READ_COMMITTED]
	JDBC fetch size: none
	Pool: DataSourceConnectionProvider
	Minimum pool size: undefined/unknown
	Maximum pool size: undefined/unknown
2026-03-25T22:14:18.525+05:30  INFO 2040 --- [dms-backend] [           main] org.hibernate.orm.core                   : HHH000489: No JTA platform available (set 'hibernate.transaction.jta.platform' to enable JTA platform integration)
2026-03-25T22:14:19.726+05:30  INFO 2040 --- [dms-backend] [           main] j.LocalContainerEntityManagerFactoryBean : Initialized JPA EntityManagerFactory for persistence unit 'default'
2026-03-25T22:14:19.792+05:30  INFO 2040 --- [dms-backend] [           main] o.s.d.j.r.query.QueryEnhancerFactories   : Hibernate is in classpath; If applicable, HQL parser will be used.
2026-03-25T22:14:20.380+05:30  WARN 2040 --- [dms-backend] [           main] JpaBaseConfiguration$JpaWebConfiguration : spring.jpa.open-in-view is enabled by default. Therefore, database queries may be performed during view rendering. Explicitly configure spring.jpa.open-in-view to disable this warning
2026-03-25T22:14:20.416+05:30  WARN 2040 --- [dms-backend] [           main] .s.a.UserDetailsServiceAutoConfiguration : 

Using generated security password: d2f37201-d128-46c3-9adc-07dbd07a33b5

This generated password is for development use only. Your security configuration must be updated before running your application in production.

2026-03-25T22:14:20.419+05:30  INFO 2040 --- [dms-backend] [           main] r$InitializeUserDetailsManagerConfigurer : Global AuthenticationManager configured with UserDetailsService bean with name inMemoryUserDetailsManager
2026-03-25T22:14:20.625+05:30  INFO 2040 --- [dms-backend] [           main] o.s.boot.tomcat.TomcatWebServer          : Tomcat started on port 8081 (http) with context path '/'
2026-03-25T22:14:20.628+05:30  INFO 2040 --- [dms-backend] [           main] com.dms.DmsBackendApplication            : Started DmsBackendApplication in 5.701 seconds (process running for 5.864)
2026-03-25T23:10:22.486+05:30  WARN 2040 --- [dms-backend] [ool:housekeeper] com.zaxxer.hikari.pool.PoolBase          : DMSHikariPool - Failed to validate connection org.postgresql.jdbc.PgConnection@3d5f0c1d (This connection has been closed.). Possibly consider using a shorter maxLifetime value.
2026-03-25T23:11:42.253+05:30  WARN 2040 --- [dms-backend] [ool:housekeeper] com.zaxxer.hikari.pool.PoolBase          : DMSHikariPool - Failed to validate connection org.postgresql.jdbc.PgConnection@12d23191 (This connection has been closed.). Possibly consider using a shorter maxLifetime value.
2026-03-25T23:28:53.392+05:30  INFO 2040 --- [dms-backend] [ionShutdownHook] o.s.boot.tomcat.GracefulShutdown         : Commencing graceful shutdown. Waiting for active requests to complete
2026-03-25T23:28:53.405+05:30  INFO 2040 --- [dms-backend] [tomcat-shutdown] o.s.boot.tomcat.GracefulShutdown         : Graceful shutdown complete
2026-03-25T23:28:53.415+05:30  INFO 2040 --- [dms-backend] [ionShutdownHook] j.LocalContainerEntityManagerFactoryBean : Closing JPA EntityManagerFactory for persistence unit 'default'
2026-03-25T23:28:53.424+05:30  INFO 2040 --- [dms-backend] [ionShutdownHook] com.zaxxer.hikari.HikariDataSource       : DMSHikariPool - Shutdown initiated...
2026-03-25T23:28:53.871+05:30  INFO 2040 --- [dms-backend] [ionShutdownHook] com.zaxxer.hikari.HikariDataSource       : DMSHikariPool - Shutdown completed.
